AR encoder behavioral "C:/Users/usuario/Desktop/NoCThor-develop/Arquivos em VHDL/NocMatrix32/Encoder.vhd" sub00/vhpl07 1477445823
AR routingmechanism behavior "C:/Users/usuario/Desktop/NoCThor-develop/Arquivos em VHDL/NocMatrix32/Thor_RM.vhd" sub00/vhpl05 1477445821
EN routingmechanism NULL "C:/Users/usuario/Desktop/NoCThor-develop/Arquivos em VHDL/NocMatrix32/Thor_RM.vhd" sub00/vhpl04 1477445820
AR thor_buffer thor_buffer "C:/Users/usuario/Desktop/NoCThor-develop/Arquivos em VHDL/NocMatrix32/Thor_buffer.vhd" sub00/vhpl09 1477445825
PB tablepackage tablepackage "C:/Users/usuario/Desktop/NoCThor-develop/Arquivos em VHDL/NocMatrix32/Table_package.vhd" sub00/vhpl03 1477445819
PH tablepackage NULL "C:/Users/usuario/Desktop/NoCThor-develop/Arquivos em VHDL/NocMatrix32/Table_package.vhd" sub00/vhpl02 1477445818
PB thorpackage thorpackage "C:/Users/usuario/Desktop/NoCThor-develop/Arquivos em VHDL/NocMatrix32/Thor_package.vhd" sub00/vhpl01 1477445817
AR decoder behavioral "C:/Users/usuario/Desktop/NoCThor-develop/Arquivos em VHDL/NocMatrix32/Decoder.vhd" sub00/vhpl11 1477445827
EN thor_buffer NULL "C:/Users/usuario/Desktop/NoCThor-develop/Arquivos em VHDL/NocMatrix32/Thor_buffer.vhd" sub00/vhpl08 1477445824
EN encoder NULL "C:/Users/usuario/Desktop/NoCThor-develop/Arquivos em VHDL/NocMatrix32/Encoder.vhd" sub00/vhpl06 1477445822
AR thor_crossbar thor_crossbar "C:/Users/usuario/Desktop/NoCThor-develop/Arquivos em VHDL/NocMatrix32/Thor_crossbar.vhd" sub00/vhpl15 1477445831
AR switchcontrol routingtable "C:/Users/usuario/Desktop/NoCThor-develop/Arquivos em VHDL/NocMatrix32/Thor_switchcontrol.vhd" sub00/vhpl13 1477445829
EN decoder NULL "C:/Users/usuario/Desktop/NoCThor-develop/Arquivos em VHDL/NocMatrix32/Decoder.vhd" sub00/vhpl10 1477445826
PH thorpackage NULL "C:/Users/usuario/Desktop/NoCThor-develop/Arquivos em VHDL/NocMatrix32/Thor_package.vhd" sub00/vhpl00 1477445816
EN thor_crossbar NULL "C:/Users/usuario/Desktop/NoCThor-develop/Arquivos em VHDL/NocMatrix32/Thor_crossbar.vhd" sub00/vhpl14 1477445830
EN switchcontrol NULL "C:/Users/usuario/Desktop/NoCThor-develop/Arquivos em VHDL/NocMatrix32/Thor_switchcontrol.vhd" sub00/vhpl12 1477445828
